// Jest Snapshot v1, https://goo.gl/fbAQLP

exports[`Renderer handles not having props provided 1`] = `<div />`;

exports[`Renderer parses and renders the provided JSON string 1`] = `
<div>
  test
</div>
`;

exports[`Renderer returns the processed tree 1`] = `
<div>
  <span>
    hello
  </span>
  <span>
    fallback!
  </span>
</div>
`;

exports[`renderFromObject() applies the provided components and fallback 1`] = `
<View>
  <Text
    value="hello"
  >
    world
  </Text>
  <Fallback
    source="URI"
  />
</View>
`;

exports[`renderFromObject() returns null for unsupported children 1`] = `
<Text>
  test
  2
  other
  true
</Text>
`;

exports[`renderFromObject() returns the default fallback if no components and fallback are provided 1`] = `
<Fallback>
  test
</Fallback>
`;
